running egg_info
creating ../../build/constants/constants.egg-info
writing ../../build/constants/constants.egg-info/PKG-INFO
writing dependency_links to ../../build/constants/constants.egg-info/dependency_links.txt
writing requirements to ../../build/constants/constants.egg-info/requires.txt
writing top-level names to ../../build/constants/constants.egg-info/top_level.txt
writing manifest file '../../build/constants/constants.egg-info/SOURCES.txt'
reading manifest file '../../build/constants/constants.egg-info/SOURCES.txt'
adding license file 'LICENSE'
writing manifest file '../../build/constants/constants.egg-info/SOURCES.txt'
running build
running build_py
creating /home/ubuntu/urc_machiato_arm/build/constants/build
creating /home/ubuntu/urc_machiato_arm/build/constants/build/lib
creating /home/ubuntu/urc_machiato_arm/build/constants/build/lib/constants
copying constants/__init__.py -> /home/ubuntu/urc_machiato_arm/build/constants/build/lib/constants
running install
running install_lib
creating /home/ubuntu/urc_machiato_arm/install/constants/lib/python3.10/site-packages/constants
copying /home/ubuntu/urc_machiato_arm/build/constants/build/lib/constants/__init__.py -> /home/ubuntu/urc_machiato_arm/install/constants/lib/python3.10/site-packages/constants
byte-compiling /home/ubuntu/urc_machiato_arm/install/constants/lib/python3.10/site-packages/constants/__init__.py to __init__.cpython-310.pyc
running install_data
creating /home/ubuntu/urc_machiato_arm/install/constants/share/ament_index
creating /home/ubuntu/urc_machiato_arm/install/constants/share/ament_index/resource_index
creating /home/ubuntu/urc_machiato_arm/install/constants/share/ament_index/resource_index/packages
copying resource/constants -> /home/ubuntu/urc_machiato_arm/install/constants/share/ament_index/resource_index/packages
copying package.xml -> /home/ubuntu/urc_machiato_arm/install/constants/share/constants
running install_egg_info
Copying ../../build/constants/constants.egg-info to /home/ubuntu/urc_machiato_arm/install/constants/lib/python3.10/site-packages/constants-0.0.0-py3.10.egg-info
running install_scripts
writing list of installed files to '/home/ubuntu/urc_machiato_arm/build/constants/install.log'
