[0.346s] DEBUG:colcon:Command line arguments: ['/usr/bin/colcon', 'build']
[0.346s] DEBUG:colcon:Parsed command line arguments: Namespace(log_base=None, log_level=None, verb_name='build', build_base='build', install_base='install', merge_install=False, symlink_install=False, test_result_base=None, continue_on_error=False, executor='parallel', parallel_workers=6, event_handlers=None, ignore_user_meta=False, metas=['./colcon.meta'], base_paths=['.'], packages_ignore=None, packages_ignore_regex=None, paths=None, packages_up_to=None, packages_up_to_regex=None, packages_above=None, packages_above_and_dependencies=None, packages_above_depth=None, packages_select_by_dep=None, packages_skip_by_dep=None, packages_skip_up_to=None, packages_select_build_failed=False, packages_skip_build_finished=False, packages_select_test_failures=False, packages_skip_test_passed=False, packages_select=None, packages_skip=None, packages_select_regex=None, packages_skip_regex=None, packages_start=None, packages_end=None, allow_overriding=[], cmake_args=None, cmake_target=None, cmake_target_skip_unavailable=False, cmake_clean_cache=False, cmake_clean_first=False, cmake_force_configure=False, ament_cmake_args=None, catkin_cmake_args=None, catkin_skip_building_tests=False, mixin_files=None, mixin=None, verb_parser=<colcon_mixin.mixin.mixin_argument.MixinArgumentDecorator object at 0xffffabff3d00>, verb_extension=<colcon_core.verb.build.BuildVerb object at 0xffffabff3820>, main=<bound method BuildVerb.main of <colcon_core.verb.build.BuildVerb object at 0xffffabff3820>>, mixin_verb=('build',))
[0.636s] Level 1:colcon.colcon_core.package_discovery:discover_packages(colcon_meta) check parameters
[0.636s] Level 1:colcon.colcon_core.package_discovery:discover_packages(recursive) check parameters
[0.637s] Level 1:colcon.colcon_core.package_discovery:discover_packages(ignore) check parameters
[0.637s] Level 1:colcon.colcon_core.package_discovery:discover_packages(path) check parameters
[0.637s] Level 1:colcon.colcon_core.package_discovery:discover_packages(colcon_meta) discover
[0.637s] Level 1:colcon.colcon_core.package_discovery:discover_packages(recursive) discover
[0.637s] INFO:colcon.colcon_core.package_discovery:Crawling recursively for packages in '/home/ubuntu/urc_machiato_arm'
[0.637s] Level 1:colcon.colcon_core.package_identification:_identify(.) by extensions ['ignore', 'ignore_ament_install']
[0.637s] Level 1:colcon.colcon_core.package_identification:_identify(.) by extension 'ignore'
[0.637s] Level 1:colcon.colcon_core.package_identification:_identify(.) by extension 'ignore_ament_install'
[0.637s] Level 1:colcon.colcon_core.package_identification:_identify(.) by extensions ['colcon_pkg']
[0.637s] Level 1:colcon.colcon_core.package_identification:_identify(.) by extension 'colcon_pkg'
[0.637s] Level 1:colcon.colcon_core.package_identification:_identify(.) by extensions ['colcon_meta']
[0.637s] Level 1:colcon.colcon_core.package_identification:_identify(.) by extension 'colcon_meta'
[0.637s] Level 1:colcon.colcon_core.package_identification:_identify(.) by extensions ['ros']
[0.637s] Level 1:colcon.colcon_core.package_identification:_identify(.) by extension 'ros'
[0.654s] Level 1:colcon.colcon_core.package_identification:_identify(.) by extensions ['cmake', 'python']
[0.654s] Level 1:colcon.colcon_core.package_identification:_identify(.) by extension 'cmake'
[0.654s] Level 1:colcon.colcon_core.package_identification:_identify(.) by extension 'python'
[0.654s] Level 1:colcon.colcon_core.package_identification:_identify(.) by extensions ['python_setup_py']
[0.654s] Level 1:colcon.colcon_core.package_identification:_identify(.) by extension 'python_setup_py'
[0.654s] Level 1:colcon.colcon_core.package_identification:_identify(build) by extensions ['ignore', 'ignore_ament_install']
[0.654s] Level 1:colcon.colcon_core.package_identification:_identify(build) by extension 'ignore'
[0.654s] Level 1:colcon.colcon_core.package_identification:_identify(build) ignored
[0.654s] Level 1:colcon.colcon_core.package_identification:_identify(install) by extensions ['ignore', 'ignore_ament_install']
[0.655s] Level 1:colcon.colcon_core.package_identification:_identify(install) by extension 'ignore'
[0.655s] Level 1:colcon.colcon_core.package_identification:_identify(install) ignored
[0.655s] Level 1:colcon.colcon_core.package_identification:_identify(log) by extensions ['ignore', 'ignore_ament_install']
[0.655s] Level 1:colcon.colcon_core.package_identification:_identify(log) by extension 'ignore'
[0.655s] Level 1:colcon.colcon_core.package_identification:_identify(log) ignored
[0.655s] Level 1:colcon.colcon_core.package_identification:_identify(src) by extensions ['ignore', 'ignore_ament_install']
[0.655s] Level 1:colcon.colcon_core.package_identification:_identify(src) by extension 'ignore'
[0.655s] Level 1:colcon.colcon_core.package_identification:_identify(src) by extension 'ignore_ament_install'
[0.655s] Level 1:colcon.colcon_core.package_identification:_identify(src) by extensions ['colcon_pkg']
[0.655s] Level 1:colcon.colcon_core.package_identification:_identify(src) by extension 'colcon_pkg'
[0.655s] Level 1:colcon.colcon_core.package_identification:_identify(src) by extensions ['colcon_meta']
[0.655s] Level 1:colcon.colcon_core.package_identification:_identify(src) by extension 'colcon_meta'
[0.655s] Level 1:colcon.colcon_core.package_identification:_identify(src) by extensions ['ros']
[0.655s] Level 1:colcon.colcon_core.package_identification:_identify(src) by extension 'ros'
[0.655s] Level 1:colcon.colcon_core.package_identification:_identify(src) by extensions ['cmake', 'python']
[0.655s] Level 1:colcon.colcon_core.package_identification:_identify(src) by extension 'cmake'
[0.655s] Level 1:colcon.colcon_core.package_identification:_identify(src) by extension 'python'
[0.655s] Level 1:colcon.colcon_core.package_identification:_identify(src) by extensions ['python_setup_py']
[0.655s] Level 1:colcon.colcon_core.package_identification:_identify(src) by extension 'python_setup_py'
[0.655s] Level 1:colcon.colcon_core.package_identification:_identify(src/constants) by extensions ['ignore', 'ignore_ament_install']
[0.655s] Level 1:colcon.colcon_core.package_identification:_identify(src/constants) by extension 'ignore'
[0.655s] Level 1:colcon.colcon_core.package_identification:_identify(src/constants) by extension 'ignore_ament_install'
[0.655s] Level 1:colcon.colcon_core.package_identification:_identify(src/constants) by extensions ['colcon_pkg']
[0.655s] Level 1:colcon.colcon_core.package_identification:_identify(src/constants) by extension 'colcon_pkg'
[0.655s] Level 1:colcon.colcon_core.package_identification:_identify(src/constants) by extensions ['colcon_meta']
[0.655s] Level 1:colcon.colcon_core.package_identification:_identify(src/constants) by extension 'colcon_meta'
[0.655s] Level 1:colcon.colcon_core.package_identification:_identify(src/constants) by extensions ['ros']
[0.655s] Level 1:colcon.colcon_core.package_identification:_identify(src/constants) by extension 'ros'
[0.664s] DEBUG:colcon.colcon_core.package_identification:Package 'src/constants' with type 'ros.ament_python' and name 'constants'
[0.664s] Level 1:colcon.colcon_core.package_identification:_identify(src/keyboard_typing) by extensions ['ignore', 'ignore_ament_install']
[0.664s] Level 1:colcon.colcon_core.package_identification:_identify(src/keyboard_typing) by extension 'ignore'
[0.664s] Level 1:colcon.colcon_core.package_identification:_identify(src/keyboard_typing) by extension 'ignore_ament_install'
[0.664s] Level 1:colcon.colcon_core.package_identification:_identify(src/keyboard_typing) by extensions ['colcon_pkg']
[0.664s] Level 1:colcon.colcon_core.package_identification:_identify(src/keyboard_typing) by extension 'colcon_pkg'
[0.664s] Level 1:colcon.colcon_core.package_identification:_identify(src/keyboard_typing) by extensions ['colcon_meta']
[0.664s] Level 1:colcon.colcon_core.package_identification:_identify(src/keyboard_typing) by extension 'colcon_meta'
[0.664s] Level 1:colcon.colcon_core.package_identification:_identify(src/keyboard_typing) by extensions ['ros']
[0.664s] Level 1:colcon.colcon_core.package_identification:_identify(src/keyboard_typing) by extension 'ros'
[0.665s] DEBUG:colcon.colcon_core.package_identification:Package 'src/keyboard_typing' with type 'ros.ament_python' and name 'keyboard_typing'
[0.665s] Level 1:colcon.colcon_core.package_discovery:discover_packages(recursive) using defaults
[0.665s] Level 1:colcon.colcon_core.package_discovery:discover_packages(ignore) discover
[0.665s] Level 1:colcon.colcon_core.package_discovery:discover_packages(ignore) using defaults
[0.665s] Level 1:colcon.colcon_core.package_discovery:discover_packages(path) discover
[0.665s] Level 1:colcon.colcon_core.package_discovery:discover_packages(path) using defaults
[0.699s] Level 1:colcon.colcon_core.package_discovery:discover_packages(prefix_path) check parameters
[0.699s] Level 1:colcon.colcon_core.package_discovery:discover_packages(prefix_path) discover
[0.702s] DEBUG:colcon.colcon_installed_package_information.package_discovery:Found 2 installed packages in /home/ubuntu/urc_machiato_arm/install
[0.706s] DEBUG:colcon.colcon_installed_package_information.package_discovery:Found 465 installed packages in /opt/ros/humble
[0.708s] Level 1:colcon.colcon_core.package_discovery:discover_packages(prefix_path) using defaults
[0.876s] Level 5:colcon.colcon_core.verb:set package 'constants' build argument 'cmake_args' from command line to 'None'
[0.876s] Level 5:colcon.colcon_core.verb:set package 'constants' build argument 'cmake_target' from command line to 'None'
[0.876s] Level 5:colcon.colcon_core.verb:set package 'constants' build argument 'cmake_target_skip_unavailable' from command line to 'False'
[0.876s] Level 5:colcon.colcon_core.verb:set package 'constants' build argument 'cmake_clean_cache' from command line to 'False'
[0.876s] Level 5:colcon.colcon_core.verb:set package 'constants' build argument 'cmake_clean_first' from command line to 'False'
[0.876s] Level 5:colcon.colcon_core.verb:set package 'constants' build argument 'cmake_force_configure' from command line to 'False'
[0.877s] Level 5:colcon.colcon_core.verb:set package 'constants' build argument 'ament_cmake_args' from command line to 'None'
[0.877s] Level 5:colcon.colcon_core.verb:set package 'constants' build argument 'catkin_cmake_args' from command line to 'None'
[0.877s] Level 5:colcon.colcon_core.verb:set package 'constants' build argument 'catkin_skip_building_tests' from command line to 'False'
[0.877s] DEBUG:colcon.colcon_core.verb:Building package 'constants' with the following arguments: {'ament_cmake_args': None, 'build_base': '/home/ubuntu/urc_machiato_arm/build/constants', 'catkin_cmake_args': None, 'catkin_skip_building_tests': False, 'cmake_args': None, 'cmake_clean_cache': False, 'cmake_clean_first': False, 'cmake_force_configure': False, 'cmake_target': None, 'cmake_target_skip_unavailable': False, 'install_base': '/home/ubuntu/urc_machiato_arm/install/constants', 'merge_install': False, 'path': '/home/ubuntu/urc_machiato_arm/src/constants', 'symlink_install': False, 'test_result_base': None}
[0.877s] Level 5:colcon.colcon_core.verb:set package 'keyboard_typing' build argument 'cmake_args' from command line to 'None'
[0.877s] Level 5:colcon.colcon_core.verb:set package 'keyboard_typing' build argument 'cmake_target' from command line to 'None'
[0.878s] Level 5:colcon.colcon_core.verb:set package 'keyboard_typing' build argument 'cmake_target_skip_unavailable' from command line to 'False'
[0.878s] Level 5:colcon.colcon_core.verb:set package 'keyboard_typing' build argument 'cmake_clean_cache' from command line to 'False'
[0.878s] Level 5:colcon.colcon_core.verb:set package 'keyboard_typing' build argument 'cmake_clean_first' from command line to 'False'
[0.878s] Level 5:colcon.colcon_core.verb:set package 'keyboard_typing' build argument 'cmake_force_configure' from command line to 'False'
[0.878s] Level 5:colcon.colcon_core.verb:set package 'keyboard_typing' build argument 'ament_cmake_args' from command line to 'None'
[0.878s] Level 5:colcon.colcon_core.verb:set package 'keyboard_typing' build argument 'catkin_cmake_args' from command line to 'None'
[0.878s] Level 5:colcon.colcon_core.verb:set package 'keyboard_typing' build argument 'catkin_skip_building_tests' from command line to 'False'
[0.878s] DEBUG:colcon.colcon_core.verb:Building package 'keyboard_typing' with the following arguments: {'ament_cmake_args': None, 'build_base': '/home/ubuntu/urc_machiato_arm/build/keyboard_typing', 'catkin_cmake_args': None, 'catkin_skip_building_tests': False, 'cmake_args': None, 'cmake_clean_cache': False, 'cmake_clean_first': False, 'cmake_force_configure': False, 'cmake_target': None, 'cmake_target_skip_unavailable': False, 'install_base': '/home/ubuntu/urc_machiato_arm/install/keyboard_typing', 'merge_install': False, 'path': '/home/ubuntu/urc_machiato_arm/src/keyboard_typing', 'symlink_install': False, 'test_result_base': None}
[0.878s] INFO:colcon.colcon_core.executor:Executing jobs using 'parallel' executor
[0.879s] DEBUG:colcon.colcon_parallel_executor.executor.parallel:run_until_complete
[0.879s] INFO:colcon.colcon_ros.task.ament_python.build:Building ROS package in '/home/ubuntu/urc_machiato_arm/src/constants' with build type 'ament_python'
[0.879s] Level 1:colcon.colcon_core.shell:create_environment_hook('constants', 'ament_prefix_path')
[0.884s] INFO:colcon.colcon_core.plugin_system:Skipping extension 'colcon_core.shell.bat': Not used on non-Windows systems
[0.885s] INFO:colcon.colcon_core.shell:Creating environment hook '/home/ubuntu/urc_machiato_arm/install/constants/share/constants/hook/ament_prefix_path.ps1'
[0.885s] INFO:colcon.colcon_core.shell:Creating environment descriptor '/home/ubuntu/urc_machiato_arm/install/constants/share/constants/hook/ament_prefix_path.dsv'
[0.886s] INFO:colcon.colcon_core.shell:Creating environment hook '/home/ubuntu/urc_machiato_arm/install/constants/share/constants/hook/ament_prefix_path.sh'
[0.887s] INFO:colcon.colcon_core.shell:Skip shell extension 'powershell' for command environment: Not usable outside of PowerShell
[0.887s] DEBUG:colcon.colcon_core.shell:Skip shell extension 'dsv' for command environment
[0.890s] INFO:colcon.colcon_ros.task.ament_python.build:Building ROS package in '/home/ubuntu/urc_machiato_arm/src/keyboard_typing' with build type 'ament_python'
[0.891s] Level 1:colcon.colcon_core.shell:create_environment_hook('keyboard_typing', 'ament_prefix_path')
[0.891s] INFO:colcon.colcon_core.shell:Creating environment hook '/home/ubuntu/urc_machiato_arm/install/keyboard_typing/share/keyboard_typing/hook/ament_prefix_path.ps1'
[0.891s] INFO:colcon.colcon_core.shell:Creating environment descriptor '/home/ubuntu/urc_machiato_arm/install/keyboard_typing/share/keyboard_typing/hook/ament_prefix_path.dsv'
[0.891s] INFO:colcon.colcon_core.shell:Creating environment hook '/home/ubuntu/urc_machiato_arm/install/keyboard_typing/share/keyboard_typing/hook/ament_prefix_path.sh'
[0.893s] INFO:colcon.colcon_core.shell:Skip shell extension 'powershell' for command environment: Not usable outside of PowerShell
[0.893s] DEBUG:colcon.colcon_core.shell:Skip shell extension 'dsv' for command environment
[1.069s] INFO:colcon.colcon_core.task.python.build:Building Python package in '/home/ubuntu/urc_machiato_arm/src/constants'
[1.069s] INFO:colcon.colcon_core.shell:Skip shell extension 'powershell' for command environment: Not usable outside of PowerShell
[1.069s] DEBUG:colcon.colcon_core.shell:Skip shell extension 'dsv' for command environment
[1.209s] INFO:colcon.colcon_core.task.python.build:Building Python package in '/home/ubuntu/urc_machiato_arm/src/keyboard_typing'
[1.210s] INFO:colcon.colcon_core.shell:Skip shell extension 'powershell' for command environment: Not usable outside of PowerShell
[1.210s] DEBUG:colcon.colcon_core.shell:Skip shell extension 'dsv' for command environment
[1.610s] DEBUG:colcon.colcon_core.task.python.build:Available setuptools commands: bdist_dumb, register, develop, dist_info, build_py, install_headers, upload_docs, clean, bdist_egg, rotate, compile_catalog, build_ext, install_lib, setopt, install_egg_info, easy_install, bdist, alias, upload, build_clib, install, install_scripts, check, bdist_wheel, symlink_data, init_catalog, egg_info, test, install_data, extract_messages, build, bdist_rpm, sdist, saveopts, update_catalog, build_scripts
[1.613s] DEBUG:colcon.colcon_core.event_handler.log_command:Invoking command in '/home/ubuntu/urc_machiato_arm/src/constants': PYTHONPATH=/home/ubuntu/urc_machiato_arm/build/constants/prefix_override:/usr/lib/python3/dist-packages/colcon_core/task/python/colcon_distutils_commands:/home/ubuntu/urc_machiato_arm/install/constants/lib/python3.10/site-packages:${PYTHONPATH} /usr/bin/python3 -W ignore:setup.py install is deprecated -W ignore:easy_install command is deprecated setup.py egg_info --egg-base ../../build/constants build --build-base /home/ubuntu/urc_machiato_arm/build/constants/build install --record /home/ubuntu/urc_machiato_arm/build/constants/install.log --install-scripts $base/lib/constants --single-version-externally-managed install_data
[1.615s] DEBUG:colcon.colcon_core.task.python.build:Available setuptools commands: bdist_dumb, register, develop, dist_info, build_py, install_headers, upload_docs, clean, bdist_egg, rotate, compile_catalog, build_ext, install_lib, setopt, install_egg_info, easy_install, bdist, alias, upload, build_clib, install, install_scripts, check, bdist_wheel, symlink_data, init_catalog, egg_info, test, install_data, extract_messages, build, bdist_rpm, sdist, saveopts, update_catalog, build_scripts
[1.617s] DEBUG:colcon.colcon_core.event_handler.log_command:Invoking command in '/home/ubuntu/urc_machiato_arm/src/keyboard_typing': PYTHONPATH=/home/ubuntu/urc_machiato_arm/build/keyboard_typing/prefix_override:/usr/lib/python3/dist-packages/colcon_core/task/python/colcon_distutils_commands:/home/ubuntu/urc_machiato_arm/install/keyboard_typing/lib/python3.10/site-packages:${PYTHONPATH} /usr/bin/python3 -W ignore:setup.py install is deprecated -W ignore:easy_install command is deprecated setup.py egg_info --egg-base ../../build/keyboard_typing build --build-base /home/ubuntu/urc_machiato_arm/build/keyboard_typing/build install --record /home/ubuntu/urc_machiato_arm/build/keyboard_typing/install.log --install-scripts $base/lib/keyboard_typing --single-version-externally-managed install_data
[1.777s] DEBUG:colcon.colcon_core.event_handler.log_command:Invoked command in '/home/ubuntu/urc_machiato_arm/src/constants' returned '0': PYTHONPATH=/home/ubuntu/urc_machiato_arm/build/constants/prefix_override:/usr/lib/python3/dist-packages/colcon_core/task/python/colcon_distutils_commands:/home/ubuntu/urc_machiato_arm/install/constants/lib/python3.10/site-packages:${PYTHONPATH} /usr/bin/python3 -W ignore:setup.py install is deprecated -W ignore:easy_install command is deprecated setup.py egg_info --egg-base ../../build/constants build --build-base /home/ubuntu/urc_machiato_arm/build/constants/build install --record /home/ubuntu/urc_machiato_arm/build/constants/install.log --install-scripts $base/lib/constants --single-version-externally-managed install_data
[1.784s] Level 1:colcon.colcon_core.environment:checking '/home/ubuntu/urc_machiato_arm/install/constants' for CMake module files
[1.784s] Level 1:colcon.colcon_core.environment:checking '/home/ubuntu/urc_machiato_arm/install/constants' for CMake config files
[1.785s] Level 1:colcon.colcon_core.environment:checking '/home/ubuntu/urc_machiato_arm/install/constants/lib'
[1.785s] Level 1:colcon.colcon_core.environment:checking '/home/ubuntu/urc_machiato_arm/install/constants/bin'
[1.785s] Level 1:colcon.colcon_core.environment:checking '/home/ubuntu/urc_machiato_arm/install/constants/lib/pkgconfig/constants.pc'
[1.785s] Level 1:colcon.colcon_core.environment:checking '/home/ubuntu/urc_machiato_arm/install/constants/lib/python3.10/site-packages'
[1.785s] Level 1:colcon.colcon_core.shell:create_environment_hook('constants', 'pythonpath')
[1.785s] INFO:colcon.colcon_core.shell:Creating environment hook '/home/ubuntu/urc_machiato_arm/install/constants/share/constants/hook/pythonpath.ps1'
[1.785s] INFO:colcon.colcon_core.shell:Creating environment descriptor '/home/ubuntu/urc_machiato_arm/install/constants/share/constants/hook/pythonpath.dsv'
[1.786s] INFO:colcon.colcon_core.shell:Creating environment hook '/home/ubuntu/urc_machiato_arm/install/constants/share/constants/hook/pythonpath.sh'
[1.786s] Level 1:colcon.colcon_core.environment:checking '/home/ubuntu/urc_machiato_arm/install/constants/bin'
[1.786s] Level 1:colcon.colcon_core.environment:create_environment_scripts_only(constants)
[1.787s] INFO:colcon.colcon_core.shell:Creating package script '/home/ubuntu/urc_machiato_arm/install/constants/share/constants/package.ps1'
[1.788s] INFO:colcon.colcon_core.shell:Creating package descriptor '/home/ubuntu/urc_machiato_arm/install/constants/share/constants/package.dsv'
[1.788s] INFO:colcon.colcon_core.shell:Creating package script '/home/ubuntu/urc_machiato_arm/install/constants/share/constants/package.sh'
[1.789s] INFO:colcon.colcon_core.shell:Creating package script '/home/ubuntu/urc_machiato_arm/install/constants/share/constants/package.bash'
[1.790s] INFO:colcon.colcon_core.shell:Creating package script '/home/ubuntu/urc_machiato_arm/install/constants/share/constants/package.zsh'
[1.791s] Level 1:colcon.colcon_core.environment:create_file_with_runtime_dependencies(/home/ubuntu/urc_machiato_arm/install/constants/share/colcon-core/packages/constants)
[1.794s] Level 1:colcon.colcon_core.environment:checking '/home/ubuntu/urc_machiato_arm/install/keyboard_typing' for CMake module files
[1.794s] DEBUG:colcon.colcon_core.event_handler.log_command:Invoked command in '/home/ubuntu/urc_machiato_arm/src/keyboard_typing' returned '0': PYTHONPATH=/home/ubuntu/urc_machiato_arm/build/keyboard_typing/prefix_override:/usr/lib/python3/dist-packages/colcon_core/task/python/colcon_distutils_commands:/home/ubuntu/urc_machiato_arm/install/keyboard_typing/lib/python3.10/site-packages:${PYTHONPATH} /usr/bin/python3 -W ignore:setup.py install is deprecated -W ignore:easy_install command is deprecated setup.py egg_info --egg-base ../../build/keyboard_typing build --build-base /home/ubuntu/urc_machiato_arm/build/keyboard_typing/build install --record /home/ubuntu/urc_machiato_arm/build/keyboard_typing/install.log --install-scripts $base/lib/keyboard_typing --single-version-externally-managed install_data
[1.795s] Level 1:colcon.colcon_core.environment:checking '/home/ubuntu/urc_machiato_arm/install/keyboard_typing' for CMake config files
[1.795s] Level 1:colcon.colcon_core.environment:checking '/home/ubuntu/urc_machiato_arm/install/keyboard_typing/lib'
[1.795s] Level 1:colcon.colcon_core.environment:checking '/home/ubuntu/urc_machiato_arm/install/keyboard_typing/bin'
[1.795s] Level 1:colcon.colcon_core.environment:checking '/home/ubuntu/urc_machiato_arm/install/keyboard_typing/lib/pkgconfig/keyboard_typing.pc'
[1.795s] Level 1:colcon.colcon_core.environment:checking '/home/ubuntu/urc_machiato_arm/install/keyboard_typing/lib/python3.10/site-packages'
[1.795s] Level 1:colcon.colcon_core.shell:create_environment_hook('keyboard_typing', 'pythonpath')
[1.796s] INFO:colcon.colcon_core.shell:Creating environment hook '/home/ubuntu/urc_machiato_arm/install/keyboard_typing/share/keyboard_typing/hook/pythonpath.ps1'
[1.796s] INFO:colcon.colcon_core.shell:Creating environment descriptor '/home/ubuntu/urc_machiato_arm/install/keyboard_typing/share/keyboard_typing/hook/pythonpath.dsv'
[1.796s] INFO:colcon.colcon_core.shell:Creating environment hook '/home/ubuntu/urc_machiato_arm/install/keyboard_typing/share/keyboard_typing/hook/pythonpath.sh'
[1.797s] Level 1:colcon.colcon_core.environment:checking '/home/ubuntu/urc_machiato_arm/install/keyboard_typing/bin'
[1.797s] Level 1:colcon.colcon_core.environment:create_environment_scripts_only(keyboard_typing)
[1.797s] INFO:colcon.colcon_core.shell:Creating package script '/home/ubuntu/urc_machiato_arm/install/keyboard_typing/share/keyboard_typing/package.ps1'
[1.797s] INFO:colcon.colcon_core.shell:Creating package descriptor '/home/ubuntu/urc_machiato_arm/install/keyboard_typing/share/keyboard_typing/package.dsv'
[1.797s] INFO:colcon.colcon_core.shell:Creating package script '/home/ubuntu/urc_machiato_arm/install/keyboard_typing/share/keyboard_typing/package.sh'
[1.798s] INFO:colcon.colcon_core.shell:Creating package script '/home/ubuntu/urc_machiato_arm/install/keyboard_typing/share/keyboard_typing/package.bash'
[1.798s] INFO:colcon.colcon_core.shell:Creating package script '/home/ubuntu/urc_machiato_arm/install/keyboard_typing/share/keyboard_typing/package.zsh'
[1.798s] Level 1:colcon.colcon_core.environment:create_file_with_runtime_dependencies(/home/ubuntu/urc_machiato_arm/install/keyboard_typing/share/colcon-core/packages/keyboard_typing)
[1.799s] DEBUG:colcon.colcon_parallel_executor.executor.parallel:closing loop
[1.799s] DEBUG:colcon.colcon_parallel_executor.executor.parallel:loop closed
[1.799s] DEBUG:colcon.colcon_parallel_executor.executor.parallel:run_until_complete finished with '0'
[1.799s] DEBUG:colcon.colcon_core.event_reactor:joining thread
[1.813s] INFO:colcon.colcon_core.plugin_system:Skipping extension 'colcon_notification.desktop_notification.terminal_notifier': Not used on non-Darwin systems
[1.813s] INFO:colcon.colcon_core.plugin_system:Skipping extension 'colcon_notification.desktop_notification.win32': Not used on non-Windows systems
[1.813s] INFO:colcon.colcon_notification.desktop_notification:Sending desktop notification using 'notify2'
[1.854s] DEBUG:colcon.colcon_core.event_reactor:joined thread
[1.855s] INFO:colcon.colcon_core.shell:Creating prefix script '/home/ubuntu/urc_machiato_arm/install/local_setup.ps1'
[1.856s] INFO:colcon.colcon_core.shell:Creating prefix util module '/home/ubuntu/urc_machiato_arm/install/_local_setup_util_ps1.py'
[1.857s] INFO:colcon.colcon_core.shell:Creating prefix chain script '/home/ubuntu/urc_machiato_arm/install/setup.ps1'
[1.859s] INFO:colcon.colcon_core.shell:Creating prefix script '/home/ubuntu/urc_machiato_arm/install/local_setup.sh'
[1.867s] INFO:colcon.colcon_core.shell:Creating prefix util module '/home/ubuntu/urc_machiato_arm/install/_local_setup_util_sh.py'
[1.868s] INFO:colcon.colcon_core.shell:Creating prefix chain script '/home/ubuntu/urc_machiato_arm/install/setup.sh'
[1.870s] INFO:colcon.colcon_core.shell:Creating prefix script '/home/ubuntu/urc_machiato_arm/install/local_setup.bash'
[1.871s] INFO:colcon.colcon_core.shell:Creating prefix chain script '/home/ubuntu/urc_machiato_arm/install/setup.bash'
[1.875s] INFO:colcon.colcon_core.shell:Creating prefix script '/home/ubuntu/urc_machiato_arm/install/local_setup.zsh'
[1.876s] INFO:colcon.colcon_core.shell:Creating prefix chain script '/home/ubuntu/urc_machiato_arm/install/setup.zsh'
