/home/ubuntu/urc_machiato_arm/install/keyboard_typing/lib/python3.10/site-packages/keyboard_typing/template_matching.py
/home/ubuntu/urc_machiato_arm/install/keyboard_typing/lib/python3.10/site-packages/keyboard_typing/__init__.py
/home/ubuntu/urc_machiato_arm/install/keyboard_typing/lib/python3.10/site-packages/keyboard_typing/autonomous_typing.py
/home/ubuntu/urc_machiato_arm/install/keyboard_typing/lib/python3.10/site-packages/keyboard_typing/camera_node.py
/home/ubuntu/urc_machiato_arm/install/keyboard_typing/lib/python3.10/site-packages/keyboard_typing/aruco_alignment.py
/home/ubuntu/urc_machiato_arm/install/keyboard_typing/lib/python3.10/site-packages/keyboard_typing/corner_detection.py
/home/ubuntu/urc_machiato_arm/install/keyboard_typing/lib/python3.10/site-packages/keyboard_typing/sift_detection.py
/home/ubuntu/urc_machiato_arm/install/keyboard_typing/lib/python3.10/site-packages/keyboard_typing/typing_state.py
/home/ubuntu/urc_machiato_arm/install/keyboard_typing/lib/python3.10/site-packages/keyboard_typing/__pycache__/template_matching.cpython-310.pyc
/home/ubuntu/urc_machiato_arm/install/keyboard_typing/lib/python3.10/site-packages/keyboard_typing/__pycache__/__init__.cpython-310.pyc
/home/ubuntu/urc_machiato_arm/install/keyboard_typing/lib/python3.10/site-packages/keyboard_typing/__pycache__/autonomous_typing.cpython-310.pyc
/home/ubuntu/urc_machiato_arm/install/keyboard_typing/lib/python3.10/site-packages/keyboard_typing/__pycache__/camera_node.cpython-310.pyc
/home/ubuntu/urc_machiato_arm/install/keyboard_typing/lib/python3.10/site-packages/keyboard_typing/__pycache__/aruco_alignment.cpython-310.pyc
/home/ubuntu/urc_machiato_arm/install/keyboard_typing/lib/python3.10/site-packages/keyboard_typing/__pycache__/corner_detection.cpython-310.pyc
/home/ubuntu/urc_machiato_arm/install/keyboard_typing/lib/python3.10/site-packages/keyboard_typing/__pycache__/sift_detection.cpython-310.pyc
/home/ubuntu/urc_machiato_arm/install/keyboard_typing/lib/python3.10/site-packages/keyboard_typing/__pycache__/typing_state.cpython-310.pyc
/home/ubuntu/urc_machiato_arm/install/keyboard_typing/share/ament_index/resource_index/packages/keyboard_typing
/home/ubuntu/urc_machiato_arm/install/keyboard_typing/share/keyboard_typing/package.xml
/home/ubuntu/urc_machiato_arm/install/keyboard_typing/share/keyboard_typing/launch/launch.py
/home/ubuntu/urc_machiato_arm/install/keyboard_typing/share/keyboard_typing/resource/full_keyboard_template_image.jpg
/home/ubuntu/urc_machiato_arm/install/keyboard_typing/share/keyboard_typing/resource/template_image.jpg
/home/ubuntu/urc_machiato_arm/install/keyboard_typing/lib/python3.10/site-packages/keyboard_typing-0.0.0-py3.10.egg-info/entry_points.txt
/home/ubuntu/urc_machiato_arm/install/keyboard_typing/lib/python3.10/site-packages/keyboard_typing-0.0.0-py3.10.egg-info/PKG-INFO
/home/ubuntu/urc_machiato_arm/install/keyboard_typing/lib/python3.10/site-packages/keyboard_typing-0.0.0-py3.10.egg-info/zip-safe
/home/ubuntu/urc_machiato_arm/install/keyboard_typing/lib/python3.10/site-packages/keyboard_typing-0.0.0-py3.10.egg-info/requires.txt
/home/ubuntu/urc_machiato_arm/install/keyboard_typing/lib/python3.10/site-packages/keyboard_typing-0.0.0-py3.10.egg-info/SOURCES.txt
/home/ubuntu/urc_machiato_arm/install/keyboard_typing/lib/python3.10/site-packages/keyboard_typing-0.0.0-py3.10.egg-info/dependency_links.txt
/home/ubuntu/urc_machiato_arm/install/keyboard_typing/lib/python3.10/site-packages/keyboard_typing-0.0.0-py3.10.egg-info/top_level.txt
/home/ubuntu/urc_machiato_arm/install/keyboard_typing/lib/keyboard_typing/autonomous_typing
/home/ubuntu/urc_machiato_arm/install/keyboard_typing/lib/keyboard_typing/camera_node
