[0.482s] Invoking command in '/home/ubuntu/SJSU_intel_sys/urc_intelsys_2024/src/keyboard_typing': PYTHONPATH=/home/ubuntu/SJSU_intel_sys/urc_intelsys_2024/src/keyboard_typing/build/keyboard_typing/prefix_override:/usr/lib/python3/dist-packages/colcon_core/task/python/colcon_distutils_commands:/home/ubuntu/SJSU_intel_sys/urc_intelsys_2024/src/keyboard_typing/install/keyboard_typing/lib/python3.10/site-packages:${PYTHONPATH} /usr/bin/python3 -W ignore:setup.py install is deprecated setup.py egg_info --egg-base build/keyboard_typing build --build-base /home/ubuntu/SJSU_intel_sys/urc_intelsys_2024/src/keyboard_typing/build/keyboard_typing/build install --record /home/ubuntu/SJSU_intel_sys/urc_intelsys_2024/src/keyboard_typing/build/keyboard_typing/install.log --single-version-externally-managed install_data
[0.606s] running egg_info
[0.606s] creating build/keyboard_typing/keyboard_typing.egg-info
[0.606s] writing build/keyboard_typing/keyboard_typing.egg-info/PKG-INFO
[0.606s] writing dependency_links to build/keyboard_typing/keyboard_typing.egg-info/dependency_links.txt
[0.607s] writing entry points to build/keyboard_typing/keyboard_typing.egg-info/entry_points.txt
[0.607s] writing requirements to build/keyboard_typing/keyboard_typing.egg-info/requires.txt
[0.607s] writing top-level names to build/keyboard_typing/keyboard_typing.egg-info/top_level.txt
[0.607s] writing manifest file 'build/keyboard_typing/keyboard_typing.egg-info/SOURCES.txt'
[0.608s] reading manifest file 'build/keyboard_typing/keyboard_typing.egg-info/SOURCES.txt'
[0.609s] writing manifest file 'build/keyboard_typing/keyboard_typing.egg-info/SOURCES.txt'
[0.610s] running build
[0.610s] running build_py
[0.610s] creating /home/ubuntu/SJSU_intel_sys/urc_intelsys_2024/src/keyboard_typing/build/keyboard_typing/build
[0.610s] creating /home/ubuntu/SJSU_intel_sys/urc_intelsys_2024/src/keyboard_typing/build/keyboard_typing/build/lib
[0.610s] creating /home/ubuntu/SJSU_intel_sys/urc_intelsys_2024/src/keyboard_typing/build/keyboard_typing/build/lib/keyboard_typing
[0.610s] copying keyboard_typing/template_matching.py -> /home/ubuntu/SJSU_intel_sys/urc_intelsys_2024/src/keyboard_typing/build/keyboard_typing/build/lib/keyboard_typing
[0.611s] copying keyboard_typing/__init__.py -> /home/ubuntu/SJSU_intel_sys/urc_intelsys_2024/src/keyboard_typing/build/keyboard_typing/build/lib/keyboard_typing
[0.611s] copying keyboard_typing/autonomous_typing.py -> /home/ubuntu/SJSU_intel_sys/urc_intelsys_2024/src/keyboard_typing/build/keyboard_typing/build/lib/keyboard_typing
[0.611s] copying keyboard_typing/aruco_alignment.py -> /home/ubuntu/SJSU_intel_sys/urc_intelsys_2024/src/keyboard_typing/build/keyboard_typing/build/lib/keyboard_typing
[0.612s] copying keyboard_typing/corner_detection.py -> /home/ubuntu/SJSU_intel_sys/urc_intelsys_2024/src/keyboard_typing/build/keyboard_typing/build/lib/keyboard_typing
[0.613s] running install
[0.613s] running install_lib
[0.614s] creating /home/ubuntu/SJSU_intel_sys/urc_intelsys_2024/src/keyboard_typing/install/keyboard_typing/lib/python3.10/site-packages/keyboard_typing
[0.614s] copying /home/ubuntu/SJSU_intel_sys/urc_intelsys_2024/src/keyboard_typing/build/keyboard_typing/build/lib/keyboard_typing/template_matching.py -> /home/ubuntu/SJSU_intel_sys/urc_intelsys_2024/src/keyboard_typing/install/keyboard_typing/lib/python3.10/site-packages/keyboard_typing
[0.614s] copying /home/ubuntu/SJSU_intel_sys/urc_intelsys_2024/src/keyboard_typing/build/keyboard_typing/build/lib/keyboard_typing/__init__.py -> /home/ubuntu/SJSU_intel_sys/urc_intelsys_2024/src/keyboard_typing/install/keyboard_typing/lib/python3.10/site-packages/keyboard_typing
[0.614s] copying /home/ubuntu/SJSU_intel_sys/urc_intelsys_2024/src/keyboard_typing/build/keyboard_typing/build/lib/keyboard_typing/autonomous_typing.py -> /home/ubuntu/SJSU_intel_sys/urc_intelsys_2024/src/keyboard_typing/install/keyboard_typing/lib/python3.10/site-packages/keyboard_typing
[0.614s] copying /home/ubuntu/SJSU_intel_sys/urc_intelsys_2024/src/keyboard_typing/build/keyboard_typing/build/lib/keyboard_typing/aruco_alignment.py -> /home/ubuntu/SJSU_intel_sys/urc_intelsys_2024/src/keyboard_typing/install/keyboard_typing/lib/python3.10/site-packages/keyboard_typing
[0.614s] copying /home/ubuntu/SJSU_intel_sys/urc_intelsys_2024/src/keyboard_typing/build/keyboard_typing/build/lib/keyboard_typing/corner_detection.py -> /home/ubuntu/SJSU_intel_sys/urc_intelsys_2024/src/keyboard_typing/install/keyboard_typing/lib/python3.10/site-packages/keyboard_typing
[0.614s] byte-compiling /home/ubuntu/SJSU_intel_sys/urc_intelsys_2024/src/keyboard_typing/install/keyboard_typing/lib/python3.10/site-packages/keyboard_typing/template_matching.py to template_matching.cpython-310.pyc
[0.614s] byte-compiling /home/ubuntu/SJSU_intel_sys/urc_intelsys_2024/src/keyboard_typing/install/keyboard_typing/lib/python3.10/site-packages/keyboard_typing/__init__.py to __init__.cpython-310.pyc
[0.614s] byte-compiling /home/ubuntu/SJSU_intel_sys/urc_intelsys_2024/src/keyboard_typing/install/keyboard_typing/lib/python3.10/site-packages/keyboard_typing/autonomous_typing.py to autonomous_typing.cpython-310.pyc
[0.614s] byte-compiling /home/ubuntu/SJSU_intel_sys/urc_intelsys_2024/src/keyboard_typing/install/keyboard_typing/lib/python3.10/site-packages/keyboard_typing/aruco_alignment.py to aruco_alignment.cpython-310.pyc
[0.615s] byte-compiling /home/ubuntu/SJSU_intel_sys/urc_intelsys_2024/src/keyboard_typing/install/keyboard_typing/lib/python3.10/site-packages/keyboard_typing/corner_detection.py to corner_detection.cpython-310.pyc
[0.615s] running install_data
[0.615s] creating /home/ubuntu/SJSU_intel_sys/urc_intelsys_2024/src/keyboard_typing/install/keyboard_typing/share/ament_index
[0.615s] creating /home/ubuntu/SJSU_intel_sys/urc_intelsys_2024/src/keyboard_typing/install/keyboard_typing/share/ament_index/resource_index
[0.615s] creating /home/ubuntu/SJSU_intel_sys/urc_intelsys_2024/src/keyboard_typing/install/keyboard_typing/share/ament_index/resource_index/packages
[0.615s] copying resource/keyboard_typing -> /home/ubuntu/SJSU_intel_sys/urc_intelsys_2024/src/keyboard_typing/install/keyboard_typing/share/ament_index/resource_index/packages
[0.615s] copying package.xml -> /home/ubuntu/SJSU_intel_sys/urc_intelsys_2024/src/keyboard_typing/install/keyboard_typing/share/keyboard_typing
[0.615s] creating /home/ubuntu/SJSU_intel_sys/urc_intelsys_2024/src/keyboard_typing/install/keyboard_typing/share/keyboard_typing/resource
[0.615s] copying resource/full_keyboard_template_image.jpg -> /home/ubuntu/SJSU_intel_sys/urc_intelsys_2024/src/keyboard_typing/install/keyboard_typing/share/keyboard_typing/resource
[0.632s] copying resource/template_image.jpg -> /home/ubuntu/SJSU_intel_sys/urc_intelsys_2024/src/keyboard_typing/install/keyboard_typing/share/keyboard_typing/resource
[0.632s] running install_egg_info
[0.634s] Copying build/keyboard_typing/keyboard_typing.egg-info to /home/ubuntu/SJSU_intel_sys/urc_intelsys_2024/src/keyboard_typing/install/keyboard_typing/lib/python3.10/site-packages/keyboard_typing-0.0.0-py3.10.egg-info
[0.634s] running install_scripts
[0.650s] Installing autonomous_typing script to /home/ubuntu/SJSU_intel_sys/urc_intelsys_2024/src/keyboard_typing/install/keyboard_typing/lib/keyboard_typing
[0.650s] writing list of installed files to '/home/ubuntu/SJSU_intel_sys/urc_intelsys_2024/src/keyboard_typing/build/keyboard_typing/install.log'
[0.667s] Invoked command in '/home/ubuntu/SJSU_intel_sys/urc_intelsys_2024/src/keyboard_typing' returned '0': PYTHONPATH=/home/ubuntu/SJSU_intel_sys/urc_intelsys_2024/src/keyboard_typing/build/keyboard_typing/prefix_override:/usr/lib/python3/dist-packages/colcon_core/task/python/colcon_distutils_commands:/home/ubuntu/SJSU_intel_sys/urc_intelsys_2024/src/keyboard_typing/install/keyboard_typing/lib/python3.10/site-packages:${PYTHONPATH} /usr/bin/python3 -W ignore:setup.py install is deprecated setup.py egg_info --egg-base build/keyboard_typing build --build-base /home/ubuntu/SJSU_intel_sys/urc_intelsys_2024/src/keyboard_typing/build/keyboard_typing/build install --record /home/ubuntu/SJSU_intel_sys/urc_intelsys_2024/src/keyboard_typing/build/keyboard_typing/install.log --single-version-externally-managed install_data
