[0.780s] Invoking command in '/home/ubuntu/urc_machiato_arm/src/keyboard_typing': PYTHONPATH=/home/ubuntu/urc_machiato_arm/build/keyboard_typing/prefix_override:/usr/lib/python3/dist-packages/colcon_core/task/python/colcon_distutils_commands:/home/ubuntu/urc_machiato_arm/install/keyboard_typing/lib/python3.10/site-packages:${PYTHONPATH} /usr/bin/python3 -W ignore:setup.py install is deprecated -W ignore:easy_install command is deprecated setup.py egg_info --egg-base ../../build/keyboard_typing build --build-base /home/ubuntu/urc_machiato_arm/build/keyboard_typing/build install --record /home/ubuntu/urc_machiato_arm/build/keyboard_typing/install.log --install-scripts $base/lib/keyboard_typing --single-version-externally-managed install_data
[0.933s] running egg_info
[0.935s] writing ../../build/keyboard_typing/keyboard_typing.egg-info/PKG-INFO
[0.935s] writing dependency_links to ../../build/keyboard_typing/keyboard_typing.egg-info/dependency_links.txt
[0.936s] writing entry points to ../../build/keyboard_typing/keyboard_typing.egg-info/entry_points.txt
[0.936s] writing requirements to ../../build/keyboard_typing/keyboard_typing.egg-info/requires.txt
[0.936s] writing top-level names to ../../build/keyboard_typing/keyboard_typing.egg-info/top_level.txt
[0.936s] reading manifest file '../../build/keyboard_typing/keyboard_typing.egg-info/SOURCES.txt'
[0.937s] writing manifest file '../../build/keyboard_typing/keyboard_typing.egg-info/SOURCES.txt'
[0.937s] running build
[0.937s] running build_py
[0.939s] running install
[0.940s] running install_lib
[0.940s] running install_data
[0.940s] running install_egg_info
[0.941s] removing '/home/ubuntu/urc_machiato_arm/install/keyboard_typing/lib/python3.10/site-packages/keyboard_typing-0.0.0-py3.10.egg-info' (and everything under it)
[0.941s] Copying ../../build/keyboard_typing/keyboard_typing.egg-info to /home/ubuntu/urc_machiato_arm/install/keyboard_typing/lib/python3.10/site-packages/keyboard_typing-0.0.0-py3.10.egg-info
[0.942s] running install_scripts
[0.955s] Installing autonomous_typing script to /home/ubuntu/urc_machiato_arm/install/keyboard_typing/lib/keyboard_typing
[0.955s] Installing camera_node script to /home/ubuntu/urc_machiato_arm/install/keyboard_typing/lib/keyboard_typing
[0.956s] writing list of installed files to '/home/ubuntu/urc_machiato_arm/build/keyboard_typing/install.log'
[0.986s] Invoked command in '/home/ubuntu/urc_machiato_arm/src/keyboard_typing' returned '0': PYTHONPATH=/home/ubuntu/urc_machiato_arm/build/keyboard_typing/prefix_override:/usr/lib/python3/dist-packages/colcon_core/task/python/colcon_distutils_commands:/home/ubuntu/urc_machiato_arm/install/keyboard_typing/lib/python3.10/site-packages:${PYTHONPATH} /usr/bin/python3 -W ignore:setup.py install is deprecated -W ignore:easy_install command is deprecated setup.py egg_info --egg-base ../../build/keyboard_typing build --build-base /home/ubuntu/urc_machiato_arm/build/keyboard_typing/build install --record /home/ubuntu/urc_machiato_arm/build/keyboard_typing/install.log --install-scripts $base/lib/keyboard_typing --single-version-externally-managed install_data
